```rust hl_lines="5"
// [...]
#[methods]
impl User {
    #[request_scoped]
    pub fn extract(head: &RequestHead /* (1)! */) -> Self {
        // [...]
    }
}
```