```rust title="src/base/handler.rs"
use super::{A, B};
use pavex::response::Response;

pub fn handler(a: A, b: B) -> Response {
    // Handler logic
    // [...]
}
```