```rust title="server/tests/integration/main.rs" hl_lines="1"
mod greet;
mod helpers;
mod ping;
```