```rust title="src/output/blueprint.rs" hl_lines="7"
use pavex::blueprint::constructor::Lifecycle;
use pavex::blueprint::Blueprint;
use pavex::f;

pub fn blueprint() -> Blueprint {
    let mut bp = Blueprint::new();
    bp.constructor(f!(crate::output::parse), Lifecycle::RequestScoped);
    // [...]
}
```