```rust title="src/static_methods/blueprint.rs"
use pavex::blueprint::constructor::Lifecycle;
use pavex::blueprint::Blueprint;
use pavex::f;

pub fn blueprint() -> Blueprint {
    let mut bp = Blueprint::new();
    bp.constructor(f!(crate::User::extract), Lifecycle::RequestScoped);
    // [...]
}
```