```rust hl_lines="5"
use pavex::Blueprint;

pub fn bp() -> Blueprint {
    let mut bp = Blueprint::new();
    bp.domain("{*any}.example.dev").nest(sub_bp());
    // [...]
}
```