```rust title="app/src/blueprint.rs"
// [...]
use pavex::{Blueprint, blueprint::from};

/// The main blueprint, defining all the components used in this API.
pub fn blueprint() -> Blueprint {
    // [...]
    bp.prefix("/api").routes(from![crate]);
    // [...]
}
```