error: #[pavex::post_process] can only be applied to functions and methods.
 --> tests/post_process/fail/not_a_function.rs:7:5
  |
7 |     const A: usize = 42;
  |     ^^^^^^^^^^^^^^^^^^^^
