```rust hl_lines="7"
use pavex::Blueprint;

use crate::multiple_named_parameters::FORMAL_GREET;

pub fn blueprint() -> Blueprint {
    let mut bp = Blueprint::new();
    bp.route(FORMAL_GREET); // (1)!
    // [...]
}
```