```rust title="src/ops/cycle_id.rs" hl_lines="6"
use anyhow::Error;
use pavex::response::Response;
use pavex_session::Session;

pub async fn handler(session: &mut Session<'_>) -> Result<Response, Error> {
    session.cycle_id();
    // [...]
}
```