```rust title="src/logging/mw.rs" hl_lines="11"
use pavex::middleware::Next;
use pavex::response::Response;
use std::future::IntoFuture;
use tracing::Instrument;

pub async fn middleware<C>(next: Next<C>) -> Response
where
    C: IntoFuture<Output = Response>,
{
    let span = tracing::info_span!("Request processing");
    next.into_future().instrument(span).await
}
```