```rust hl_lines="6"
use super::DATABASE_CONFIG;
use pavex::Blueprint;

pub fn blueprint() -> Blueprint {
    let mut bp = Blueprint::new();
    bp.config(DATABASE_CONFIG); // (1)!
    // [...]
}
```