```rust hl_lines="5"
use pavex::{blueprint::from, Blueprint};

pub fn blueprint() -> Blueprint {
    let mut bp = Blueprint::new();
    bp.import(from![pavex]);
    // [...]
}
```