```rust title="src/blueprint.rs" hl_lines="6 7"
use pavex::blueprint::{from, Blueprint};
use pavex::cookie::CookieKit;

pub fn blueprint() -> Blueprint {
    let mut bp = Blueprint::new();
    bp.import(from![pavex]);
    CookieKit::new().register(&mut bp);
    // [...]
}
```