```rust hl_lines="10"
use pavex::methods;
use pavex::response::Response;

pub struct AuthError {
    // [...]
}

#[methods]
impl AuthError {
    #[error_handler(id = "AUTH_ERROR_HANDLER")] // (1)!
    pub fn to_response(&self) -> Response {
        // [...]
    }
}
```