```rust title="src/core/blueprint.rs" hl_lines="7"
use pavex::blueprint::router::GET;
use pavex::blueprint::Blueprint;
use pavex::f;

pub fn blueprint() -> Blueprint {
    let mut bp = Blueprint::new();
    bp.wrap(f!(super::middleware));
    bp.route(GET, "/", f!(super::handler));
    bp
}
```